--------------------------------------------------------------------------------
Release 14.7 Trace  (nt64)
Copyright (c) 1995-2013 Xilinx, Inc.  All rights reserved.

C:\Xilinx\14.7\ISE_DS\ISE\bin\nt64\unwrapped\trce.exe -intstyle ise -v 3 -s 3
-n 3 -fastpaths -xml Bus_Machine.twx Bus_Machine.ncd -o Bus_Machine.twr
Bus_Machine.pcf -ucf Bus_Machine.ucf

Design file:              Bus_Machine.ncd
Physical constraint file: Bus_Machine.pcf
Device,package,speed:     xc6slx9,tqg144,C,-3 (PRODUCTION 1.23 2013-10-13)
Report level:             verbose report

Environment Variable      Effect 
--------------------      ------ 
NONE                      No environment variables were set
--------------------------------------------------------------------------------

INFO:Timing:2698 - No timing constraints found, doing default enumeration.
INFO:Timing:3412 - To improve timing, see the Timing Closure User Guide (UG612).
INFO:Timing:2752 - To get complete path coverage, use the unconstrained paths 
   option. All paths that are not constrained will be reported in the 
   unconstrained paths section(s) of the report.
INFO:Timing:3339 - The clock-to-out numbers in this timing report are based on 
   a 50 Ohm transmission line loading model.  For the details of this model, 
   and for more information on accounting for different loading conditions, 
   please see the device datasheet.



Data Sheet report:
-----------------
All values displayed in nanoseconds (ns)

Clock clk to Pad
------------+-----------------+------------+-----------------+------------+------------------+--------+
            |Max (slowest) clk|  Process   |Min (fastest) clk|  Process   |                  | Clock  |
Destination |  (edge) to PAD  |   Corner   |  (edge) to PAD  |   Corner   |Internal Clock(s) | Phase  |
------------+-----------------+------------+-----------------+------------+------------------+--------+
ledState<0> |         9.344(R)|      SLOW  |         4.974(R)|      FAST  |clk_BUFGP         |   0.000|
ledState<1> |         9.435(R)|      SLOW  |         5.122(R)|      FAST  |clk_BUFGP         |   0.000|
pricecom<0> |         7.686(R)|      SLOW  |         4.098(R)|      FAST  |clk_BUFGP         |   0.000|
pricecom<1> |         7.766(R)|      SLOW  |         4.133(R)|      FAST  |clk_BUFGP         |   0.000|
priceseg<0> |         9.171(R)|      SLOW  |         4.617(R)|      FAST  |clk_BUFGP         |   0.000|
priceseg<1> |         9.183(R)|      SLOW  |         4.661(R)|      FAST  |clk_BUFGP         |   0.000|
priceseg<2> |         9.185(R)|      SLOW  |         4.663(R)|      FAST  |clk_BUFGP         |   0.000|
priceseg<3> |         9.128(R)|      SLOW  |         4.669(R)|      FAST  |clk_BUFGP         |   0.000|
priceseg<4> |         8.972(R)|      SLOW  |         4.507(R)|      FAST  |clk_BUFGP         |   0.000|
priceseg<5> |         8.692(R)|      SLOW  |         4.414(R)|      FAST  |clk_BUFGP         |   0.000|
priceseg<6> |         8.659(R)|      SLOW  |         4.298(R)|      FAST  |clk_BUFGP         |   0.000|
------------+-----------------+------------+-----------------+------------+------------------+--------+

Clock posButton<0> to Pad
------------+-----------------+------------+-----------------+------------+------------------+--------+
            |Max (slowest) clk|  Process   |Min (fastest) clk|  Process   |                  | Clock  |
Destination |  (edge) to PAD  |   Corner   |  (edge) to PAD  |   Corner   |Internal Clock(s) | Phase  |
------------+-----------------+------------+-----------------+------------+------------------+--------+
rgbOut<0>   |        12.698(R)|      SLOW  |         5.689(R)|      FAST  |posButton_0_IBUF  |   0.000|
rgbOut<1>   |        12.645(R)|      SLOW  |         6.134(R)|      FAST  |posButton_0_IBUF  |   0.000|
rgbOut<2>   |        12.599(R)|      SLOW  |         6.147(R)|      FAST  |posButton_0_IBUF  |   0.000|
rgbOut<3>   |        12.663(R)|      SLOW  |         6.143(R)|      FAST  |posButton_0_IBUF  |   0.000|
rgbOut<4>   |        12.761(R)|      SLOW  |         6.228(R)|      FAST  |posButton_0_IBUF  |   0.000|
rgbOut<5>   |        12.545(R)|      SLOW  |         5.992(R)|      FAST  |posButton_0_IBUF  |   0.000|
rgbOut<6>   |        12.907(R)|      SLOW  |         6.225(R)|      FAST  |posButton_0_IBUF  |   0.000|
rgbOut<7>   |        12.876(R)|      SLOW  |         6.247(R)|      FAST  |posButton_0_IBUF  |   0.000|
rgbOut<8>   |        13.648(R)|      SLOW  |         6.319(R)|      FAST  |posButton_0_IBUF  |   0.000|
rgbOut<9>   |        13.980(R)|      SLOW  |         6.582(R)|      FAST  |posButton_0_IBUF  |   0.000|
------------+-----------------+------------+-----------------+------------+------------------+--------+

Clock posButton<1> to Pad
------------+-----------------+------------+-----------------+------------+------------------+--------+
            |Max (slowest) clk|  Process   |Min (fastest) clk|  Process   |                  | Clock  |
Destination |  (edge) to PAD  |   Corner   |  (edge) to PAD  |   Corner   |Internal Clock(s) | Phase  |
------------+-----------------+------------+-----------------+------------+------------------+--------+
rgbOut<0>   |        12.419(R)|      SLOW  |         6.308(R)|      FAST  |posButton_1_IBUF  |   0.000|
rgbOut<1>   |        12.366(R)|      SLOW  |         5.685(R)|      FAST  |posButton_1_IBUF  |   0.000|
rgbOut<2>   |        12.320(R)|      SLOW  |         5.937(R)|      FAST  |posButton_1_IBUF  |   0.000|
rgbOut<3>   |        12.384(R)|      SLOW  |         5.933(R)|      FAST  |posButton_1_IBUF  |   0.000|
rgbOut<4>   |        12.482(R)|      SLOW  |         5.940(R)|      FAST  |posButton_1_IBUF  |   0.000|
rgbOut<5>   |        12.266(R)|      SLOW  |         5.780(R)|      FAST  |posButton_1_IBUF  |   0.000|
rgbOut<6>   |        12.628(R)|      SLOW  |         5.914(R)|      FAST  |posButton_1_IBUF  |   0.000|
rgbOut<7>   |        12.597(R)|      SLOW  |         5.946(R)|      FAST  |posButton_1_IBUF  |   0.000|
rgbOut<8>   |        13.369(R)|      SLOW  |         6.107(R)|      FAST  |posButton_1_IBUF  |   0.000|
rgbOut<9>   |        13.701(R)|      SLOW  |         6.370(R)|      FAST  |posButton_1_IBUF  |   0.000|
------------+-----------------+------------+-----------------+------------+------------------+--------+

Clock posButton<2> to Pad
------------+-----------------+------------+-----------------+------------+------------------+--------+
            |Max (slowest) clk|  Process   |Min (fastest) clk|  Process   |                  | Clock  |
Destination |  (edge) to PAD  |   Corner   |  (edge) to PAD  |   Corner   |Internal Clock(s) | Phase  |
------------+-----------------+------------+-----------------+------------+------------------+--------+
rgbOut<0>   |        13.495(R)|      SLOW  |         6.835(R)|      FAST  |posButton_2_IBUF  |   0.000|
rgbOut<1>   |        13.442(R)|      SLOW  |         6.673(R)|      FAST  |posButton_2_IBUF  |   0.000|
rgbOut<2>   |        13.396(R)|      SLOW  |         5.510(R)|      FAST  |posButton_2_IBUF  |   0.000|
rgbOut<3>   |        13.460(R)|      SLOW  |         6.651(R)|      FAST  |posButton_2_IBUF  |   0.000|
rgbOut<4>   |        13.558(R)|      SLOW  |         6.467(R)|      FAST  |posButton_2_IBUF  |   0.000|
rgbOut<5>   |        13.342(R)|      SLOW  |         6.501(R)|      FAST  |posButton_2_IBUF  |   0.000|
rgbOut<6>   |        13.704(R)|      SLOW  |         6.441(R)|      FAST  |posButton_2_IBUF  |   0.000|
rgbOut<7>   |        13.673(R)|      SLOW  |         6.473(R)|      FAST  |posButton_2_IBUF  |   0.000|
rgbOut<8>   |        14.445(R)|      SLOW  |         6.836(R)|      FAST  |posButton_2_IBUF  |   0.000|
rgbOut<9>   |        14.777(R)|      SLOW  |         7.057(R)|      FAST  |posButton_2_IBUF  |   0.000|
------------+-----------------+------------+-----------------+------------+------------------+--------+

Clock posButton<3> to Pad
------------+-----------------+------------+-----------------+------------+------------------+--------+
            |Max (slowest) clk|  Process   |Min (fastest) clk|  Process   |                  | Clock  |
Destination |  (edge) to PAD  |   Corner   |  (edge) to PAD  |   Corner   |Internal Clock(s) | Phase  |
------------+-----------------+------------+-----------------+------------+------------------+--------+
rgbOut<0>   |        15.495(R)|      SLOW  |         7.989(R)|      FAST  |posButton_3_BUFGP |   0.000|
rgbOut<1>   |        15.442(R)|      SLOW  |         7.827(R)|      FAST  |posButton_3_BUFGP |   0.000|
rgbOut<2>   |        15.396(R)|      SLOW  |         7.921(R)|      FAST  |posButton_3_BUFGP |   0.000|
rgbOut<3>   |        15.460(R)|      SLOW  |         6.573(R)|      FAST  |posButton_3_BUFGP |   0.000|
rgbOut<4>   |        15.558(R)|      SLOW  |         7.621(R)|      FAST  |posButton_3_BUFGP |   0.000|
rgbOut<5>   |        15.342(R)|      SLOW  |         7.422(R)|      FAST  |posButton_3_BUFGP |   0.000|
rgbOut<6>   |        15.704(R)|      SLOW  |         7.595(R)|      FAST  |posButton_3_BUFGP |   0.000|
rgbOut<7>   |        15.673(R)|      SLOW  |         7.627(R)|      FAST  |posButton_3_BUFGP |   0.000|
rgbOut<8>   |        16.445(R)|      SLOW  |         7.848(R)|      FAST  |posButton_3_BUFGP |   0.000|
rgbOut<9>   |        16.777(R)|      SLOW  |         8.111(R)|      FAST  |posButton_3_BUFGP |   0.000|
------------+-----------------+------------+-----------------+------------+------------------+--------+

Clock posButton<4> to Pad
------------+-----------------+------------+-----------------+------------+------------------+--------+
            |Max (slowest) clk|  Process   |Min (fastest) clk|  Process   |                  | Clock  |
Destination |  (edge) to PAD  |   Corner   |  (edge) to PAD  |   Corner   |Internal Clock(s) | Phase  |
------------+-----------------+------------+-----------------+------------+------------------+--------+
rgbOut<0>   |        14.985(R)|      SLOW  |         7.984(R)|      FAST  |posButton_4_BUFGP |   0.000|
rgbOut<1>   |        14.932(R)|      SLOW  |         7.822(R)|      FAST  |posButton_4_BUFGP |   0.000|
rgbOut<2>   |        14.886(R)|      SLOW  |         7.843(R)|      FAST  |posButton_4_BUFGP |   0.000|
rgbOut<3>   |        14.950(R)|      SLOW  |         7.800(R)|      FAST  |posButton_4_BUFGP |   0.000|
rgbOut<4>   |        15.048(R)|      SLOW  |         6.074(R)|      FAST  |posButton_4_BUFGP |   0.000|
rgbOut<5>   |        14.832(R)|      SLOW  |         7.190(R)|      FAST  |posButton_4_BUFGP |   0.000|
rgbOut<6>   |        15.194(R)|      SLOW  |         7.485(R)|      FAST  |posButton_4_BUFGP |   0.000|
rgbOut<7>   |        15.163(R)|      SLOW  |         7.516(R)|      FAST  |posButton_4_BUFGP |   0.000|
rgbOut<8>   |        15.935(R)|      SLOW  |         7.638(R)|      FAST  |posButton_4_BUFGP |   0.000|
rgbOut<9>   |        16.267(R)|      SLOW  |         7.901(R)|      FAST  |posButton_4_BUFGP |   0.000|
------------+-----------------+------------+-----------------+------------+------------------+--------+

Clock posButton<5> to Pad
------------+-----------------+------------+-----------------+------------+------------------+--------+
            |Max (slowest) clk|  Process   |Min (fastest) clk|  Process   |                  | Clock  |
Destination |  (edge) to PAD  |   Corner   |  (edge) to PAD  |   Corner   |Internal Clock(s) | Phase  |
------------+-----------------+------------+-----------------+------------+------------------+--------+
rgbOut<0>   |        15.181(R)|      SLOW  |         7.731(R)|      FAST  |posButton_5_BUFGP |   0.000|
rgbOut<1>   |        15.128(R)|      SLOW  |         7.582(R)|      FAST  |posButton_5_BUFGP |   0.000|
rgbOut<2>   |        15.082(R)|      SLOW  |         7.468(R)|      FAST  |posButton_5_BUFGP |   0.000|
rgbOut<3>   |        15.146(R)|      SLOW  |         7.484(R)|      FAST  |posButton_5_BUFGP |   0.000|
rgbOut<4>   |        15.244(R)|      SLOW  |         7.376(R)|      FAST  |posButton_5_BUFGP |   0.000|
rgbOut<5>   |        15.028(R)|      SLOW  |         6.108(R)|      FAST  |posButton_5_BUFGP |   0.000|
rgbOut<6>   |        15.390(R)|      SLOW  |         7.263(R)|      FAST  |posButton_5_BUFGP |   0.000|
rgbOut<7>   |        15.359(R)|      SLOW  |         7.310(R)|      FAST  |posButton_5_BUFGP |   0.000|
rgbOut<8>   |        16.131(R)|      SLOW  |         7.528(R)|      FAST  |posButton_5_BUFGP |   0.000|
rgbOut<9>   |        16.463(R)|      SLOW  |         7.719(R)|      FAST  |posButton_5_BUFGP |   0.000|
------------+-----------------+------------+-----------------+------------+------------------+--------+

Clock posButton<6> to Pad
------------+-----------------+------------+-----------------+------------+------------------+--------+
            |Max (slowest) clk|  Process   |Min (fastest) clk|  Process   |                  | Clock  |
Destination |  (edge) to PAD  |   Corner   |  (edge) to PAD  |   Corner   |Internal Clock(s) | Phase  |
------------+-----------------+------------+-----------------+------------+------------------+--------+
rgbOut<0>   |        15.473(R)|      SLOW  |         8.174(R)|      FAST  |posButton_6_BUFGP |   0.000|
rgbOut<1>   |        15.420(R)|      SLOW  |         8.012(R)|      FAST  |posButton_6_BUFGP |   0.000|
rgbOut<2>   |        15.374(R)|      SLOW  |         8.192(R)|      FAST  |posButton_6_BUFGP |   0.000|
rgbOut<3>   |        15.438(R)|      SLOW  |         7.990(R)|      FAST  |posButton_6_BUFGP |   0.000|
rgbOut<4>   |        15.536(R)|      SLOW  |         7.806(R)|      FAST  |posButton_6_BUFGP |   0.000|
rgbOut<5>   |        15.320(R)|      SLOW  |         7.840(R)|      FAST  |posButton_6_BUFGP |   0.000|
rgbOut<6>   |        15.682(R)|      SLOW  |         6.975(R)|      FAST  |posButton_6_BUFGP |   0.000|
rgbOut<7>   |        15.651(R)|      SLOW  |         7.575(R)|      FAST  |posButton_6_BUFGP |   0.000|
rgbOut<8>   |        16.423(R)|      SLOW  |         7.705(R)|      FAST  |posButton_6_BUFGP |   0.000|
rgbOut<9>   |        16.755(R)|      SLOW  |         7.968(R)|      FAST  |posButton_6_BUFGP |   0.000|
------------+-----------------+------------+-----------------+------------+------------------+--------+

Clock posButton<7> to Pad
------------+-----------------+------------+-----------------+------------+------------------+--------+
            |Max (slowest) clk|  Process   |Min (fastest) clk|  Process   |                  | Clock  |
Destination |  (edge) to PAD  |   Corner   |  (edge) to PAD  |   Corner   |Internal Clock(s) | Phase  |
------------+-----------------+------------+-----------------+------------+------------------+--------+
rgbOut<0>   |        15.421(R)|      SLOW  |         8.090(R)|      FAST  |posButton_7_BUFGP |   0.000|
rgbOut<1>   |        15.368(R)|      SLOW  |         8.094(R)|      FAST  |posButton_7_BUFGP |   0.000|
rgbOut<2>   |        15.322(R)|      SLOW  |         7.827(R)|      FAST  |posButton_7_BUFGP |   0.000|
rgbOut<3>   |        15.386(R)|      SLOW  |         7.843(R)|      FAST  |posButton_7_BUFGP |   0.000|
rgbOut<4>   |        15.484(R)|      SLOW  |         7.838(R)|      FAST  |posButton_7_BUFGP |   0.000|
rgbOut<5>   |        15.268(R)|      SLOW  |         7.851(R)|      FAST  |posButton_7_BUFGP |   0.000|
rgbOut<6>   |        15.630(R)|      SLOW  |         7.622(R)|      FAST  |posButton_7_BUFGP |   0.000|
rgbOut<7>   |        15.599(R)|      SLOW  |         6.184(R)|      FAST  |posButton_7_BUFGP |   0.000|
rgbOut<8>   |        16.371(R)|      SLOW  |         7.648(R)|      FAST  |posButton_7_BUFGP |   0.000|
rgbOut<9>   |        16.703(R)|      SLOW  |         7.911(R)|      FAST  |posButton_7_BUFGP |   0.000|
------------+-----------------+------------+-----------------+------------+------------------+--------+

Clock posButton<8> to Pad
------------+-----------------+------------+-----------------+------------+------------------+--------+
            |Max (slowest) clk|  Process   |Min (fastest) clk|  Process   |                  | Clock  |
Destination |  (edge) to PAD  |   Corner   |  (edge) to PAD  |   Corner   |Internal Clock(s) | Phase  |
------------+-----------------+------------+-----------------+------------+------------------+--------+
rgbOut<0>   |        13.927(R)|      SLOW  |         7.655(R)|      FAST  |posButton_8_BUFGP |   0.000|
rgbOut<1>   |        14.121(R)|      SLOW  |         7.493(R)|      FAST  |posButton_8_BUFGP |   0.000|
rgbOut<2>   |        13.681(R)|      SLOW  |         7.673(R)|      FAST  |posButton_8_BUFGP |   0.000|
rgbOut<3>   |        13.745(R)|      SLOW  |         7.471(R)|      FAST  |posButton_8_BUFGP |   0.000|
rgbOut<4>   |        13.843(R)|      SLOW  |         7.287(R)|      FAST  |posButton_8_BUFGP |   0.000|
rgbOut<5>   |        13.627(R)|      SLOW  |         7.321(R)|      FAST  |posButton_8_BUFGP |   0.000|
rgbOut<6>   |        13.989(R)|      SLOW  |         7.261(R)|      FAST  |posButton_8_BUFGP |   0.000|
rgbOut<7>   |        13.958(R)|      SLOW  |         7.293(R)|      FAST  |posButton_8_BUFGP |   0.000|
rgbOut<8>   |        14.730(R)|      SLOW  |         7.157(R)|      FAST  |posButton_8_BUFGP |   0.000|
rgbOut<9>   |        15.062(R)|      SLOW  |         7.670(R)|      FAST  |posButton_8_BUFGP |   0.000|
------------+-----------------+------------+-----------------+------------+------------------+--------+

Clock posButton<9> to Pad
------------+-----------------+------------+-----------------+------------+------------------+--------+
            |Max (slowest) clk|  Process   |Min (fastest) clk|  Process   |                  | Clock  |
Destination |  (edge) to PAD  |   Corner   |  (edge) to PAD  |   Corner   |Internal Clock(s) | Phase  |
------------+-----------------+------------+-----------------+------------+------------------+--------+
rgbOut<0>   |        13.597(R)|      SLOW  |         7.568(R)|      FAST  |posButton_9_BUFGP |   0.000|
rgbOut<1>   |        13.669(R)|      SLOW  |         7.453(R)|      FAST  |posButton_9_BUFGP |   0.000|
rgbOut<2>   |        13.614(R)|      SLOW  |         7.389(R)|      FAST  |posButton_9_BUFGP |   0.000|
rgbOut<3>   |        13.409(R)|      SLOW  |         7.352(R)|      FAST  |posButton_9_BUFGP |   0.000|
rgbOut<4>   |        13.507(R)|      SLOW  |         7.443(R)|      FAST  |posButton_9_BUFGP |   0.000|
rgbOut<5>   |        13.291(R)|      SLOW  |         7.207(R)|      FAST  |posButton_9_BUFGP |   0.000|
rgbOut<6>   |        13.653(R)|      SLOW  |         7.321(R)|      FAST  |posButton_9_BUFGP |   0.000|
rgbOut<7>   |        13.622(R)|      SLOW  |         7.368(R)|      FAST  |posButton_9_BUFGP |   0.000|
rgbOut<8>   |        14.394(R)|      SLOW  |         7.036(R)|      FAST  |posButton_9_BUFGP |   0.000|
rgbOut<9>   |        14.726(R)|      SLOW  |         6.939(R)|      FAST  |posButton_9_BUFGP |   0.000|
------------+-----------------+------------+-----------------+------------+------------------+--------+

Clock to Setup on destination clock button<0>
---------------+---------+---------+---------+---------+
               | Src:Rise| Src:Fall| Src:Rise| Src:Fall|
Source Clock   |Dest:Rise|Dest:Rise|Dest:Fall|Dest:Fall|
---------------+---------+---------+---------+---------+
button<0>      |         |         |         |    1.580|
---------------+---------+---------+---------+---------+

Clock to Setup on destination clock button<1>
---------------+---------+---------+---------+---------+
               | Src:Rise| Src:Fall| Src:Rise| Src:Fall|
Source Clock   |Dest:Rise|Dest:Rise|Dest:Fall|Dest:Fall|
---------------+---------+---------+---------+---------+
button<1>      |         |         |         |    1.326|
---------------+---------+---------+---------+---------+

Clock to Setup on destination clock button<2>
---------------+---------+---------+---------+---------+
               | Src:Rise| Src:Fall| Src:Rise| Src:Fall|
Source Clock   |Dest:Rise|Dest:Rise|Dest:Fall|Dest:Fall|
---------------+---------+---------+---------+---------+
button<2>      |         |         |         |    1.161|
---------------+---------+---------+---------+---------+

Clock to Setup on destination clock button<3>
---------------+---------+---------+---------+---------+
               | Src:Rise| Src:Fall| Src:Rise| Src:Fall|
Source Clock   |Dest:Rise|Dest:Rise|Dest:Fall|Dest:Fall|
---------------+---------+---------+---------+---------+
button<3>      |         |         |         |    1.580|
---------------+---------+---------+---------+---------+

Clock to Setup on destination clock clk
---------------+---------+---------+---------+---------+
               | Src:Rise| Src:Fall| Src:Rise| Src:Fall|
Source Clock   |Dest:Rise|Dest:Rise|Dest:Fall|Dest:Fall|
---------------+---------+---------+---------+---------+
button<0>      |         |    5.332|         |         |
button<1>      |         |    4.946|         |         |
button<2>      |         |    5.339|         |         |
button<3>      |         |    4.777|         |         |
clk            |    4.423|         |         |         |
posButton<0>   |    4.834|         |         |         |
posButton<1>   |    4.374|         |         |         |
posButton<2>   |    5.013|         |         |         |
posButton<3>   |    7.138|         |         |         |
posButton<4>   |    6.985|         |         |         |
posButton<5>   |    6.669|         |         |         |
posButton<6>   |    6.622|         |         |         |
posButton<7>   |    7.256|         |         |         |
posButton<8>   |    6.946|         |         |         |
posButton<9>   |    6.503|         |         |         |
---------------+---------+---------+---------+---------+

Clock to Setup on destination clock posButton<0>
---------------+---------+---------+---------+---------+
               | Src:Rise| Src:Fall| Src:Rise| Src:Fall|
Source Clock   |Dest:Rise|Dest:Rise|Dest:Fall|Dest:Fall|
---------------+---------+---------+---------+---------+
clk            |    1.136|         |         |         |
posButton<0>   |    1.188|         |         |         |
---------------+---------+---------+---------+---------+

Clock to Setup on destination clock posButton<1>
---------------+---------+---------+---------+---------+
               | Src:Rise| Src:Fall| Src:Rise| Src:Fall|
Source Clock   |Dest:Rise|Dest:Rise|Dest:Fall|Dest:Fall|
---------------+---------+---------+---------+---------+
clk            |    1.357|         |         |         |
posButton<1>   |    1.526|         |         |         |
---------------+---------+---------+---------+---------+

Clock to Setup on destination clock posButton<2>
---------------+---------+---------+---------+---------+
               | Src:Rise| Src:Fall| Src:Rise| Src:Fall|
Source Clock   |Dest:Rise|Dest:Rise|Dest:Fall|Dest:Fall|
---------------+---------+---------+---------+---------+
clk            |    1.344|         |         |         |
posButton<2>   |    1.197|         |         |         |
---------------+---------+---------+---------+---------+

Clock to Setup on destination clock posButton<3>
---------------+---------+---------+---------+---------+
               | Src:Rise| Src:Fall| Src:Rise| Src:Fall|
Source Clock   |Dest:Rise|Dest:Rise|Dest:Fall|Dest:Fall|
---------------+---------+---------+---------+---------+
clk            |    0.351|         |         |         |
posButton<3>   |    1.802|         |         |         |
---------------+---------+---------+---------+---------+

Clock to Setup on destination clock posButton<4>
---------------+---------+---------+---------+---------+
               | Src:Rise| Src:Fall| Src:Rise| Src:Fall|
Source Clock   |Dest:Rise|Dest:Rise|Dest:Fall|Dest:Fall|
---------------+---------+---------+---------+---------+
clk            |    0.060|         |         |         |
posButton<4>   |    1.201|         |         |         |
---------------+---------+---------+---------+---------+

Clock to Setup on destination clock posButton<5>
---------------+---------+---------+---------+---------+
               | Src:Rise| Src:Fall| Src:Rise| Src:Fall|
Source Clock   |Dest:Rise|Dest:Rise|Dest:Fall|Dest:Fall|
---------------+---------+---------+---------+---------+
clk            |    0.381|         |         |         |
posButton<5>   |    1.819|         |         |         |
---------------+---------+---------+---------+---------+

Clock to Setup on destination clock posButton<6>
---------------+---------+---------+---------+---------+
               | Src:Rise| Src:Fall| Src:Rise| Src:Fall|
Source Clock   |Dest:Rise|Dest:Rise|Dest:Fall|Dest:Fall|
---------------+---------+---------+---------+---------+
clk            |   -0.216|         |         |         |
posButton<6>   |    1.177|         |         |         |
---------------+---------+---------+---------+---------+

Clock to Setup on destination clock posButton<7>
---------------+---------+---------+---------+---------+
               | Src:Rise| Src:Fall| Src:Rise| Src:Fall|
Source Clock   |Dest:Rise|Dest:Rise|Dest:Fall|Dest:Fall|
---------------+---------+---------+---------+---------+
clk            |   -0.017|         |         |         |
posButton<7>   |    1.540|         |         |         |
---------------+---------+---------+---------+---------+

Clock to Setup on destination clock posButton<8>
---------------+---------+---------+---------+---------+
               | Src:Rise| Src:Fall| Src:Rise| Src:Fall|
Source Clock   |Dest:Rise|Dest:Rise|Dest:Fall|Dest:Fall|
---------------+---------+---------+---------+---------+
clk            |   -0.466|         |         |         |
posButton<8>   |    1.206|         |         |         |
---------------+---------+---------+---------+---------+

Clock to Setup on destination clock posButton<9>
---------------+---------+---------+---------+---------+
               | Src:Rise| Src:Fall| Src:Rise| Src:Fall|
Source Clock   |Dest:Rise|Dest:Rise|Dest:Fall|Dest:Fall|
---------------+---------+---------+---------+---------+
clk            |    0.070|         |         |         |
posButton<9>   |    1.498|         |         |         |
---------------+---------+---------+---------+---------+


Analysis completed Wed May 23 02:57:33 2018 
--------------------------------------------------------------------------------

Trace Settings:
-------------------------
Trace Settings 

Peak Memory Usage: 281 MB



