--------------------------------------------------------------------------------
Release 14.7 Trace  (nt64)
Copyright (c) 1995-2013 Xilinx, Inc.  All rights reserved.

C:\Xilinx\14.7\ISE_DS\ISE\bin\nt64\unwrapped\trce.exe -intstyle ise -v 3 -s 3
-n 3 -fastpaths -xml Bus_Machine.twx Bus_Machine.ncd -o Bus_Machine.twr
Bus_Machine.pcf -ucf Bus_Machine.ucf

Design file:              Bus_Machine.ncd
Physical constraint file: Bus_Machine.pcf
Device,package,speed:     xc6slx9,tqg144,C,-3 (PRODUCTION 1.23 2013-10-13)
Report level:             verbose report

Environment Variable      Effect 
--------------------      ------ 
NONE                      No environment variables were set
--------------------------------------------------------------------------------

INFO:Timing:2698 - No timing constraints found, doing default enumeration.
INFO:Timing:3412 - To improve timing, see the Timing Closure User Guide (UG612).
INFO:Timing:2752 - To get complete path coverage, use the unconstrained paths 
   option. All paths that are not constrained will be reported in the 
   unconstrained paths section(s) of the report.
INFO:Timing:3339 - The clock-to-out numbers in this timing report are based on 
   a 50 Ohm transmission line loading model.  For the details of this model, 
   and for more information on accounting for different loading conditions, 
   please see the device datasheet.



Data Sheet report:
-----------------
All values displayed in nanoseconds (ns)

Clock clk to Pad
------------+-----------------+------------+-----------------+------------+------------------+--------+
            |Max (slowest) clk|  Process   |Min (fastest) clk|  Process   |                  | Clock  |
Destination |  (edge) to PAD  |   Corner   |  (edge) to PAD  |   Corner   |Internal Clock(s) | Phase  |
------------+-----------------+------------+-----------------+------------+------------------+--------+
ledState<0> |        10.029(R)|      SLOW  |         5.425(R)|      FAST  |clk_BUFGP         |   0.000|
ledState<1> |         9.277(R)|      SLOW  |         4.945(R)|      FAST  |clk_BUFGP         |   0.000|
------------+-----------------+------------+-----------------+------------+------------------+--------+

Clock posButton<0> to Pad
------------+-----------------+------------+-----------------+------------+------------------+--------+
            |Max (slowest) clk|  Process   |Min (fastest) clk|  Process   |                  | Clock  |
Destination |  (edge) to PAD  |   Corner   |  (edge) to PAD  |   Corner   |Internal Clock(s) | Phase  |
------------+-----------------+------------+-----------------+------------+------------------+--------+
rgbOut<0>   |        12.633(R)|      SLOW  |         5.604(R)|      FAST  |posButton_0_IBUF  |   0.000|
rgbOut<1>   |        12.726(R)|      SLOW  |         6.038(R)|      FAST  |posButton_0_IBUF  |   0.000|
rgbOut<2>   |        13.136(R)|      SLOW  |         6.111(R)|      FAST  |posButton_0_IBUF  |   0.000|
rgbOut<3>   |        12.832(R)|      SLOW  |         5.807(R)|      FAST  |posButton_0_IBUF  |   0.000|
rgbOut<4>   |        12.595(R)|      SLOW  |         5.758(R)|      FAST  |posButton_0_IBUF  |   0.000|
rgbOut<5>   |        12.736(R)|      SLOW  |         5.787(R)|      FAST  |posButton_0_IBUF  |   0.000|
rgbOut<6>   |        12.686(R)|      SLOW  |         5.725(R)|      FAST  |posButton_0_IBUF  |   0.000|
rgbOut<7>   |        12.491(R)|      SLOW  |         5.726(R)|      FAST  |posButton_0_IBUF  |   0.000|
rgbOut<8>   |        13.435(R)|      SLOW  |         6.109(R)|      FAST  |posButton_0_IBUF  |   0.000|
rgbOut<9>   |        13.623(R)|      SLOW  |         6.331(R)|      FAST  |posButton_0_IBUF  |   0.000|
------------+-----------------+------------+-----------------+------------+------------------+--------+

Clock posButton<1> to Pad
------------+-----------------+------------+-----------------+------------+------------------+--------+
            |Max (slowest) clk|  Process   |Min (fastest) clk|  Process   |                  | Clock  |
Destination |  (edge) to PAD  |   Corner   |  (edge) to PAD  |   Corner   |Internal Clock(s) | Phase  |
------------+-----------------+------------+-----------------+------------+------------------+--------+
rgbOut<0>   |        12.416(R)|      SLOW  |         5.823(R)|      FAST  |posButton_1_IBUF  |   0.000|
rgbOut<1>   |        12.509(R)|      SLOW  |         5.629(R)|      FAST  |posButton_1_IBUF  |   0.000|
rgbOut<2>   |        12.919(R)|      SLOW  |         5.930(R)|      FAST  |posButton_1_IBUF  |   0.000|
rgbOut<3>   |        12.615(R)|      SLOW  |         5.845(R)|      FAST  |posButton_1_IBUF  |   0.000|
rgbOut<4>   |        12.378(R)|      SLOW  |         5.836(R)|      FAST  |posButton_1_IBUF  |   0.000|
rgbOut<5>   |        12.519(R)|      SLOW  |         5.606(R)|      FAST  |posButton_1_IBUF  |   0.000|
rgbOut<6>   |        12.469(R)|      SLOW  |         5.591(R)|      FAST  |posButton_1_IBUF  |   0.000|
rgbOut<7>   |        12.274(R)|      SLOW  |         5.721(R)|      FAST  |posButton_1_IBUF  |   0.000|
rgbOut<8>   |        13.218(R)|      SLOW  |         5.928(R)|      FAST  |posButton_1_IBUF  |   0.000|
rgbOut<9>   |        13.406(R)|      SLOW  |         6.463(R)|      FAST  |posButton_1_IBUF  |   0.000|
------------+-----------------+------------+-----------------+------------+------------------+--------+

Clock posButton<2> to Pad
------------+-----------------+------------+-----------------+------------+------------------+--------+
            |Max (slowest) clk|  Process   |Min (fastest) clk|  Process   |                  | Clock  |
Destination |  (edge) to PAD  |   Corner   |  (edge) to PAD  |   Corner   |Internal Clock(s) | Phase  |
------------+-----------------+------------+-----------------+------------+------------------+--------+
rgbOut<0>   |        12.962(R)|      SLOW  |         5.614(R)|      FAST  |posButton_2_IBUF  |   0.000|
rgbOut<1>   |        13.055(R)|      SLOW  |         5.856(R)|      FAST  |posButton_2_IBUF  |   0.000|
rgbOut<2>   |        13.465(R)|      SLOW  |         5.291(R)|      FAST  |posButton_2_IBUF  |   0.000|
rgbOut<3>   |        13.161(R)|      SLOW  |         5.625(R)|      FAST  |posButton_2_IBUF  |   0.000|
rgbOut<4>   |        12.924(R)|      SLOW  |         5.576(R)|      FAST  |posButton_2_IBUF  |   0.000|
rgbOut<5>   |        13.065(R)|      SLOW  |         5.651(R)|      FAST  |posButton_2_IBUF  |   0.000|
rgbOut<6>   |        13.015(R)|      SLOW  |         5.543(R)|      FAST  |posButton_2_IBUF  |   0.000|
rgbOut<7>   |        12.820(R)|      SLOW  |         5.544(R)|      FAST  |posButton_2_IBUF  |   0.000|
rgbOut<8>   |        13.764(R)|      SLOW  |         6.073(R)|      FAST  |posButton_2_IBUF  |   0.000|
rgbOut<9>   |        13.952(R)|      SLOW  |         6.220(R)|      FAST  |posButton_2_IBUF  |   0.000|
------------+-----------------+------------+-----------------+------------+------------------+--------+

Clock posButton<3> to Pad
------------+-----------------+------------+-----------------+------------+------------------+--------+
            |Max (slowest) clk|  Process   |Min (fastest) clk|  Process   |                  | Clock  |
Destination |  (edge) to PAD  |   Corner   |  (edge) to PAD  |   Corner   |Internal Clock(s) | Phase  |
------------+-----------------+------------+-----------------+------------+------------------+--------+
rgbOut<0>   |        14.692(R)|      SLOW  |         6.868(R)|      FAST  |posButton_3_BUFGP |   0.000|
rgbOut<1>   |        14.785(R)|      SLOW  |         7.110(R)|      FAST  |posButton_3_BUFGP |   0.000|
rgbOut<2>   |        15.195(R)|      SLOW  |         7.340(R)|      FAST  |posButton_3_BUFGP |   0.000|
rgbOut<3>   |        14.891(R)|      SLOW  |         6.477(R)|      FAST  |posButton_3_BUFGP |   0.000|
rgbOut<4>   |        14.654(R)|      SLOW  |         6.830(R)|      FAST  |posButton_3_BUFGP |   0.000|
rgbOut<5>   |        14.795(R)|      SLOW  |         6.905(R)|      FAST  |posButton_3_BUFGP |   0.000|
rgbOut<6>   |        14.745(R)|      SLOW  |         6.797(R)|      FAST  |posButton_3_BUFGP |   0.000|
rgbOut<7>   |        14.550(R)|      SLOW  |         6.798(R)|      FAST  |posButton_3_BUFGP |   0.000|
rgbOut<8>   |        15.494(R)|      SLOW  |         7.249(R)|      FAST  |posButton_3_BUFGP |   0.000|
rgbOut<9>   |        15.682(R)|      SLOW  |         7.381(R)|      FAST  |posButton_3_BUFGP |   0.000|
------------+-----------------+------------+-----------------+------------+------------------+--------+

Clock posButton<4> to Pad
------------+-----------------+------------+-----------------+------------+------------------+--------+
            |Max (slowest) clk|  Process   |Min (fastest) clk|  Process   |                  | Clock  |
Destination |  (edge) to PAD  |   Corner   |  (edge) to PAD  |   Corner   |Internal Clock(s) | Phase  |
------------+-----------------+------------+-----------------+------------+------------------+--------+
rgbOut<0>   |        14.456(R)|      SLOW  |         7.086(R)|      FAST  |posButton_4_BUFGP |   0.000|
rgbOut<1>   |        14.549(R)|      SLOW  |         7.202(R)|      FAST  |posButton_4_BUFGP |   0.000|
rgbOut<2>   |        14.959(R)|      SLOW  |         7.193(R)|      FAST  |posButton_4_BUFGP |   0.000|
rgbOut<3>   |        14.655(R)|      SLOW  |         7.108(R)|      FAST  |posButton_4_BUFGP |   0.000|
rgbOut<4>   |        14.418(R)|      SLOW  |         6.254(R)|      FAST  |posButton_4_BUFGP |   0.000|
rgbOut<5>   |        14.559(R)|      SLOW  |         6.644(R)|      FAST  |posButton_4_BUFGP |   0.000|
rgbOut<6>   |        14.509(R)|      SLOW  |         6.707(R)|      FAST  |posButton_4_BUFGP |   0.000|
rgbOut<7>   |        14.314(R)|      SLOW  |         6.544(R)|      FAST  |posButton_4_BUFGP |   0.000|
rgbOut<8>   |        15.258(R)|      SLOW  |         6.950(R)|      FAST  |posButton_4_BUFGP |   0.000|
rgbOut<9>   |        15.446(R)|      SLOW  |         7.082(R)|      FAST  |posButton_4_BUFGP |   0.000|
------------+-----------------+------------+-----------------+------------+------------------+--------+

Clock posButton<5> to Pad
------------+-----------------+------------+-----------------+------------+------------------+--------+
            |Max (slowest) clk|  Process   |Min (fastest) clk|  Process   |                  | Clock  |
Destination |  (edge) to PAD  |   Corner   |  (edge) to PAD  |   Corner   |Internal Clock(s) | Phase  |
------------+-----------------+------------+-----------------+------------+------------------+--------+
rgbOut<0>   |        14.199(R)|      SLOW  |         6.603(R)|      FAST  |posButton_5_BUFGP |   0.000|
rgbOut<1>   |        14.292(R)|      SLOW  |         6.828(R)|      FAST  |posButton_5_BUFGP |   0.000|
rgbOut<2>   |        14.702(R)|      SLOW  |         6.819(R)|      FAST  |posButton_5_BUFGP |   0.000|
rgbOut<3>   |        14.398(R)|      SLOW  |         6.614(R)|      FAST  |posButton_5_BUFGP |   0.000|
rgbOut<4>   |        14.161(R)|      SLOW  |         6.565(R)|      FAST  |posButton_5_BUFGP |   0.000|
rgbOut<5>   |        14.302(R)|      SLOW  |         6.026(R)|      FAST  |posButton_5_BUFGP |   0.000|
rgbOut<6>   |        14.252(R)|      SLOW  |         6.480(R)|      FAST  |posButton_5_BUFGP |   0.000|
rgbOut<7>   |        14.057(R)|      SLOW  |         6.498(R)|      FAST  |posButton_5_BUFGP |   0.000|
rgbOut<8>   |        15.001(R)|      SLOW  |         6.817(R)|      FAST  |posButton_5_BUFGP |   0.000|
rgbOut<9>   |        15.189(R)|      SLOW  |         7.043(R)|      FAST  |posButton_5_BUFGP |   0.000|
------------+-----------------+------------+-----------------+------------+------------------+--------+

Clock posButton<6> to Pad
------------+-----------------+------------+-----------------+------------+------------------+--------+
            |Max (slowest) clk|  Process   |Min (fastest) clk|  Process   |                  | Clock  |
Destination |  (edge) to PAD  |   Corner   |  (edge) to PAD  |   Corner   |Internal Clock(s) | Phase  |
------------+-----------------+------------+-----------------+------------+------------------+--------+
rgbOut<0>   |        14.583(R)|      SLOW  |         7.251(R)|      FAST  |posButton_6_BUFGP |   0.000|
rgbOut<1>   |        14.676(R)|      SLOW  |         7.493(R)|      FAST  |posButton_6_BUFGP |   0.000|
rgbOut<2>   |        15.086(R)|      SLOW  |         7.489(R)|      FAST  |posButton_6_BUFGP |   0.000|
rgbOut<3>   |        14.782(R)|      SLOW  |         7.262(R)|      FAST  |posButton_6_BUFGP |   0.000|
rgbOut<4>   |        14.545(R)|      SLOW  |         7.213(R)|      FAST  |posButton_6_BUFGP |   0.000|
rgbOut<5>   |        14.686(R)|      SLOW  |         7.165(R)|      FAST  |posButton_6_BUFGP |   0.000|
rgbOut<6>   |        14.636(R)|      SLOW  |         5.922(R)|      FAST  |posButton_6_BUFGP |   0.000|
rgbOut<7>   |        14.441(R)|      SLOW  |         6.703(R)|      FAST  |posButton_6_BUFGP |   0.000|
rgbOut<8>   |        15.385(R)|      SLOW  |         7.140(R)|      FAST  |posButton_6_BUFGP |   0.000|
rgbOut<9>   |        15.573(R)|      SLOW  |         7.272(R)|      FAST  |posButton_6_BUFGP |   0.000|
------------+-----------------+------------+-----------------+------------+------------------+--------+

Clock posButton<7> to Pad
------------+-----------------+------------+-----------------+------------+------------------+--------+
            |Max (slowest) clk|  Process   |Min (fastest) clk|  Process   |                  | Clock  |
Destination |  (edge) to PAD  |   Corner   |  (edge) to PAD  |   Corner   |Internal Clock(s) | Phase  |
------------+-----------------+------------+-----------------+------------+------------------+--------+
rgbOut<0>   |        14.215(R)|      SLOW  |         6.998(R)|      FAST  |posButton_7_BUFGP |   0.000|
rgbOut<1>   |        14.308(R)|      SLOW  |         7.114(R)|      FAST  |posButton_7_BUFGP |   0.000|
rgbOut<2>   |        14.718(R)|      SLOW  |         7.105(R)|      FAST  |posButton_7_BUFGP |   0.000|
rgbOut<3>   |        14.414(R)|      SLOW  |         7.020(R)|      FAST  |posButton_7_BUFGP |   0.000|
rgbOut<4>   |        14.177(R)|      SLOW  |         7.048(R)|      FAST  |posButton_7_BUFGP |   0.000|
rgbOut<5>   |        14.318(R)|      SLOW  |         6.781(R)|      FAST  |posButton_7_BUFGP |   0.000|
rgbOut<6>   |        14.268(R)|      SLOW  |         6.766(R)|      FAST  |posButton_7_BUFGP |   0.000|
rgbOut<7>   |        14.073(R)|      SLOW  |         6.185(R)|      FAST  |posButton_7_BUFGP |   0.000|
rgbOut<8>   |        15.017(R)|      SLOW  |         6.955(R)|      FAST  |posButton_7_BUFGP |   0.000|
rgbOut<9>   |        15.205(R)|      SLOW  |         7.087(R)|      FAST  |posButton_7_BUFGP |   0.000|
------------+-----------------+------------+-----------------+------------+------------------+--------+

Clock posButton<8> to Pad
------------+-----------------+------------+-----------------+------------+------------------+--------+
            |Max (slowest) clk|  Process   |Min (fastest) clk|  Process   |                  | Clock  |
Destination |  (edge) to PAD  |   Corner   |  (edge) to PAD  |   Corner   |Internal Clock(s) | Phase  |
------------+-----------------+------------+-----------------+------------+------------------+--------+
rgbOut<0>   |        12.794(R)|      SLOW  |         6.914(R)|      FAST  |posButton_8_BUFGP |   0.000|
rgbOut<1>   |        12.887(R)|      SLOW  |         7.030(R)|      FAST  |posButton_8_BUFGP |   0.000|
rgbOut<2>   |        13.297(R)|      SLOW  |         7.021(R)|      FAST  |posButton_8_BUFGP |   0.000|
rgbOut<3>   |        12.993(R)|      SLOW  |         6.936(R)|      FAST  |posButton_8_BUFGP |   0.000|
rgbOut<4>   |        12.756(R)|      SLOW  |         6.910(R)|      FAST  |posButton_8_BUFGP |   0.000|
rgbOut<5>   |        12.897(R)|      SLOW  |         6.697(R)|      FAST  |posButton_8_BUFGP |   0.000|
rgbOut<6>   |        12.847(R)|      SLOW  |         6.682(R)|      FAST  |posButton_8_BUFGP |   0.000|
rgbOut<7>   |        12.652(R)|      SLOW  |         6.623(R)|      FAST  |posButton_8_BUFGP |   0.000|
rgbOut<8>   |        13.679(R)|      SLOW  |         6.337(R)|      FAST  |posButton_8_BUFGP |   0.000|
rgbOut<9>   |        13.784(R)|      SLOW  |         6.611(R)|      FAST  |posButton_8_BUFGP |   0.000|
------------+-----------------+------------+-----------------+------------+------------------+--------+

Clock posButton<9> to Pad
------------+-----------------+------------+-----------------+------------+------------------+--------+
            |Max (slowest) clk|  Process   |Min (fastest) clk|  Process   |                  | Clock  |
Destination |  (edge) to PAD  |   Corner   |  (edge) to PAD  |   Corner   |Internal Clock(s) | Phase  |
------------+-----------------+------------+-----------------+------------+------------------+--------+
rgbOut<0>   |        12.931(R)|      SLOW  |         6.943(R)|      FAST  |posButton_9_BUFGP |   0.000|
rgbOut<1>   |        13.024(R)|      SLOW  |         7.061(R)|      FAST  |posButton_9_BUFGP |   0.000|
rgbOut<2>   |        13.434(R)|      SLOW  |         7.122(R)|      FAST  |posButton_9_BUFGP |   0.000|
rgbOut<3>   |        13.130(R)|      SLOW  |         6.954(R)|      FAST  |posButton_9_BUFGP |   0.000|
rgbOut<4>   |        12.893(R)|      SLOW  |         6.856(R)|      FAST  |posButton_9_BUFGP |   0.000|
rgbOut<5>   |        13.034(R)|      SLOW  |         6.798(R)|      FAST  |posButton_9_BUFGP |   0.000|
rgbOut<6>   |        12.984(R)|      SLOW  |         6.762(R)|      FAST  |posButton_9_BUFGP |   0.000|
rgbOut<7>   |        12.789(R)|      SLOW  |         6.569(R)|      FAST  |posButton_9_BUFGP |   0.000|
rgbOut<8>   |        13.733(R)|      SLOW  |         6.623(R)|      FAST  |posButton_9_BUFGP |   0.000|
rgbOut<9>   |        13.921(R)|      SLOW  |         6.251(R)|      FAST  |posButton_9_BUFGP |   0.000|
------------+-----------------+------------+-----------------+------------+------------------+--------+

Clock to Setup on destination clock clk
---------------+---------+---------+---------+---------+
               | Src:Rise| Src:Fall| Src:Rise| Src:Fall|
Source Clock   |Dest:Rise|Dest:Rise|Dest:Fall|Dest:Fall|
---------------+---------+---------+---------+---------+
clk            |    3.296|         |         |         |
posButton<0>   |    3.993|         |         |         |
posButton<1>   |    4.073|         |         |         |
posButton<2>   |    4.213|         |         |         |
posButton<3>   |    6.418|         |         |         |
posButton<4>   |    7.041|         |         |         |
posButton<5>   |    6.238|         |         |         |
posButton<6>   |    6.835|         |         |         |
posButton<7>   |    6.790|         |         |         |
posButton<8>   |    6.654|         |         |         |
posButton<9>   |    6.971|         |         |         |
---------------+---------+---------+---------+---------+

Clock to Setup on destination clock posButton<0>
---------------+---------+---------+---------+---------+
               | Src:Rise| Src:Fall| Src:Rise| Src:Fall|
Source Clock   |Dest:Rise|Dest:Rise|Dest:Fall|Dest:Fall|
---------------+---------+---------+---------+---------+
clk            |    1.318|         |         |         |
posButton<0>   |    1.324|         |         |         |
---------------+---------+---------+---------+---------+

Clock to Setup on destination clock posButton<1>
---------------+---------+---------+---------+---------+
               | Src:Rise| Src:Fall| Src:Rise| Src:Fall|
Source Clock   |Dest:Rise|Dest:Rise|Dest:Fall|Dest:Fall|
---------------+---------+---------+---------+---------+
clk            |    1.376|         |         |         |
posButton<1>   |    1.263|         |         |         |
---------------+---------+---------+---------+---------+

Clock to Setup on destination clock posButton<2>
---------------+---------+---------+---------+---------+
               | Src:Rise| Src:Fall| Src:Rise| Src:Fall|
Source Clock   |Dest:Rise|Dest:Rise|Dest:Fall|Dest:Fall|
---------------+---------+---------+---------+---------+
clk            |    1.053|         |         |         |
posButton<2>   |    1.331|         |         |         |
---------------+---------+---------+---------+---------+

Clock to Setup on destination clock posButton<3>
---------------+---------+---------+---------+---------+
               | Src:Rise| Src:Fall| Src:Rise| Src:Fall|
Source Clock   |Dest:Rise|Dest:Rise|Dest:Fall|Dest:Fall|
---------------+---------+---------+---------+---------+
clk            |   -0.934|         |         |         |
posButton<3>   |    1.321|         |         |         |
---------------+---------+---------+---------+---------+

Clock to Setup on destination clock posButton<4>
---------------+---------+---------+---------+---------+
               | Src:Rise| Src:Fall| Src:Rise| Src:Fall|
Source Clock   |Dest:Rise|Dest:Rise|Dest:Fall|Dest:Fall|
---------------+---------+---------+---------+---------+
clk            |   -0.463|         |         |         |
posButton<4>   |    1.291|         |         |         |
---------------+---------+---------+---------+---------+

Clock to Setup on destination clock posButton<5>
---------------+---------+---------+---------+---------+
               | Src:Rise| Src:Fall| Src:Rise| Src:Fall|
Source Clock   |Dest:Rise|Dest:Rise|Dest:Fall|Dest:Fall|
---------------+---------+---------+---------+---------+
clk            |   -0.346|         |         |         |
posButton<5>   |    1.295|         |         |         |
---------------+---------+---------+---------+---------+

Clock to Setup on destination clock posButton<6>
---------------+---------+---------+---------+---------+
               | Src:Rise| Src:Fall| Src:Rise| Src:Fall|
Source Clock   |Dest:Rise|Dest:Rise|Dest:Fall|Dest:Fall|
---------------+---------+---------+---------+---------+
clk            |   -0.530|         |         |         |
posButton<6>   |    1.291|         |         |         |
---------------+---------+---------+---------+---------+

Clock to Setup on destination clock posButton<7>
---------------+---------+---------+---------+---------+
               | Src:Rise| Src:Fall| Src:Rise| Src:Fall|
Source Clock   |Dest:Rise|Dest:Rise|Dest:Fall|Dest:Fall|
---------------+---------+---------+---------+---------+
clk            |   -0.651|         |         |         |
posButton<7>   |    1.283|         |         |         |
---------------+---------+---------+---------+---------+

Clock to Setup on destination clock posButton<8>
---------------+---------+---------+---------+---------+
               | Src:Rise| Src:Fall| Src:Rise| Src:Fall|
Source Clock   |Dest:Rise|Dest:Rise|Dest:Fall|Dest:Fall|
---------------+---------+---------+---------+---------+
clk            |   -0.231|         |         |         |
posButton<8>   |    1.283|         |         |         |
---------------+---------+---------+---------+---------+

Clock to Setup on destination clock posButton<9>
---------------+---------+---------+---------+---------+
               | Src:Rise| Src:Fall| Src:Rise| Src:Fall|
Source Clock   |Dest:Rise|Dest:Rise|Dest:Fall|Dest:Fall|
---------------+---------+---------+---------+---------+
clk            |   -0.395|         |         |         |
posButton<9>   |    1.288|         |         |         |
---------------+---------+---------+---------+---------+


Analysis completed Wed May 23 01:56:39 2018 
--------------------------------------------------------------------------------

Trace Settings:
-------------------------
Trace Settings 

Peak Memory Usage: 279 MB



